=== MINIMAL PROMPT TEST OUTPUT ===
============================= test session starts ==============================
collecting ... collected 10 items

../../../../../../../var/folders/k3/3370vvys431633snklmjmvsr0000gn/T/tmp6nxwkyvi/test_service.py::test_register_user PASSED [ 10%]
../../../../../../../var/folders/k3/3370vvys431633snklmjmvsr0000gn/T/tmp6nxwkyvi/test_service.py::test_register_returns_unique_ids PASSED [ 20%]
../../../../../../../var/folders/k3/3370vvys431633snklmjmvsr0000gn/T/tmp6nxwkyvi/test_service.py::test_register_missing_email PASSED [ 30%]
../../../../../../../var/folders/k3/3370vvys431633snklmjmvsr0000gn/T/tmp6nxwkyvi/test_service.py::test_register_missing_name PASSED [ 40%]
../../../../../../../var/folders/k3/3370vvys431633snklmjmvsr0000gn/T/tmp6nxwkyvi/test_service.py::test_get_user PASSED [ 50%]
../../../../../../../var/folders/k3/3370vvys431633snklmjmvsr0000gn/T/tmp6nxwkyvi/test_service.py::test_get_user_not_found FAILED [ 60%]
../../../../../../../var/folders/k3/3370vvys431633snklmjmvsr0000gn/T/tmp6nxwkyvi/test_service.py::test_get_user_has_detail PASSED [ 70%]
../../../../../../../var/folders/k3/3370vvys431633snklmjmvsr0000gn/T/tmp6nxwkyvi/test_service.py::test_delete_user FAILED [ 80%]
../../../../../../../var/folders/k3/3370vvys431633snklmjmvsr0000gn/T/tmp6nxwkyvi/test_service.py::test_delete_user_not_found FAILED [ 90%]
../../../../../../../var/folders/k3/3370vvys431633snklmjmvsr0000gn/T/tmp6nxwkyvi/test_service.py::test_delete_then_get PASSED [100%]

=================================== FAILURES ===================================
___________________________ test_get_user_not_found ____________________________
/var/folders/k3/3370vvys431633snklmjmvsr0000gn/T/tmp6nxwkyvi/test_service.py:50: in test_get_user_not_found
    assert response.status_code == 404
E   assert 422 == 404
E    +  where 422 = <Response [422 Unprocessable Entity]>.status_code
_______________________________ test_delete_user _______________________________
/var/folders/k3/3370vvys431633snklmjmvsr0000gn/T/tmp6nxwkyvi/test_service.py:64: in test_delete_user
    assert response.status_code == 200
E   assert 204 == 200
E    +  where 204 = <Response [204 No Content]>.status_code
__________________________ test_delete_user_not_found __________________________
/var/folders/k3/3370vvys431633snklmjmvsr0000gn/T/tmp6nxwkyvi/test_service.py:69: in test_delete_user_not_found
    assert response.status_code == 404
E   assert 422 == 404
E    +  where 422 = <Response [422 Unprocessable Entity]>.status_code
=============================== warnings summary ===============================
test_service.py::test_register_user
test_service.py::test_register_returns_unique_ids
test_service.py::test_register_returns_unique_ids
test_service.py::test_get_user
test_service.py::test_delete_user
test_service.py::test_delete_then_get
  /var/folders/k3/3370vvys431633snklmjmvsr0000gn/T/tmp6nxwkyvi/service.py:21: PydanticDeprecatedSince20: The `dict` method is deprecated; use `model_dump` instead. Deprecated in Pydantic V2.0 to be removed in V3.0. See Pydantic V2 Migration Guide at https://errors.pydantic.dev/2.12/migration/
    user = User(id=next_id, **user_create.dict())

-- Docs: https://docs.pytest.org/en/stable/how-to/capture-warnings.html
=========================== short test summary info ============================
FAILED ../../../../../../../var/folders/k3/3370vvys431633snklmjmvsr0000gn/T/tmp6nxwkyvi/test_service.py::test_get_user_not_found
FAILED ../../../../../../../var/folders/k3/3370vvys431633snklmjmvsr0000gn/T/tmp6nxwkyvi/test_service.py::test_delete_user
FAILED ../../../../../../../var/folders/k3/3370vvys431633snklmjmvsr0000gn/T/tmp6nxwkyvi/test_service.py::test_delete_user_not_found
=================== 3 failed, 7 passed, 6 warnings in 0.19s ====================


=== DETAILED PROMPT TEST OUTPUT ===
============================= test session starts ==============================
collecting ... collected 0 items / 1 error

==================================== ERRORS ====================================
_______________________ ERROR collecting test_service.py _______________________
ImportError while importing test module '/var/folders/k3/3370vvys431633snklmjmvsr0000gn/T/tmpt5sw3lcw/test_service.py'.
Hint: make sure your test modules/packages have valid Python names.
Traceback:
/Library/Frameworks/Python.framework/Versions/3.12/lib/python3.12/site-packages/pydantic/networks.py:965: in import_email_validator
    import email_validator
E   ModuleNotFoundError: No module named 'email_validator'

The above exception was the direct cause of the following exception:
/Library/Frameworks/Python.framework/Versions/3.12/lib/python3.12/importlib/__init__.py:90: in import_module
    return _bootstrap._gcd_import(name[level:], package, level)
           ^^^^^^^^^^^^^^^^^^^^^^^^^^^^^^^^^^^^^^^^^^^^^^^^^^^^
/var/folders/k3/3370vvys431633snklmjmvsr0000gn/T/tmpt5sw3lcw/test_service.py:4: in <module>
    from service import app
/var/folders/k3/3370vvys431633snklmjmvsr0000gn/T/tmpt5sw3lcw/service.py:8: in <module>
    class UserCreate(BaseModel):
/Library/Frameworks/Python.framework/Versions/3.12/lib/python3.12/site-packages/pydantic/_internal/_model_construction.py:255: in __new__
    complete_model_class(
/Library/Frameworks/Python.framework/Versions/3.12/lib/python3.12/site-packages/pydantic/_internal/_model_construction.py:648: in complete_model_class
    schema = gen_schema.generate_schema(cls)
             ^^^^^^^^^^^^^^^^^^^^^^^^^^^^^^^
/Library/Frameworks/Python.framework/Versions/3.12/lib/python3.12/site-packages/pydantic/_internal/_generate_schema.py:729: in generate_schema
    schema = self._generate_schema_inner(obj)
             ^^^^^^^^^^^^^^^^^^^^^^^^^^^^^^^^
/Library/Frameworks/Python.framework/Versions/3.12/lib/python3.12/site-packages/pydantic/_internal/_generate_schema.py:1023: in _generate_schema_inner
    return self._model_schema(obj)
           ^^^^^^^^^^^^^^^^^^^^^^^
/Library/Frameworks/Python.framework/Versions/3.12/lib/python3.12/site-packages/pydantic/_internal/_generate_schema.py:856: in _model_schema
    {k: self._generate_md_field_schema(k, v, decorators) for k, v in fields.items()},
        ^^^^^^^^^^^^^^^^^^^^^^^^^^^^^^^^^^^^^^^^^^^^^^^^
/Library/Frameworks/Python.framework/Versions/3.12/lib/python3.12/site-packages/pydantic/_internal/_generate_schema.py:1228: in _generate_md_field_schema
    schema, metadata = self._common_field_schema(name, field_info, decorators)
                       ^^^^^^^^^^^^^^^^^^^^^^^^^^^^^^^^^^^^^^^^^^^^^^^^^^^^^^^
/Library/Frameworks/Python.framework/Versions/3.12/lib/python3.12/site-packages/pydantic/_internal/_generate_schema.py:1282: in _common_field_schema
    schema = self._apply_annotations(
/Library/Frameworks/Python.framework/Versions/3.12/lib/python3.12/site-packages/pydantic/_internal/_generate_schema.py:2227: in _apply_annotations
    schema = get_inner_schema(source_type)
             ^^^^^^^^^^^^^^^^^^^^^^^^^^^^^
/Library/Frameworks/Python.framework/Versions/3.12/lib/python3.12/site-packages/pydantic/_internal/_schema_generation_shared.py:83: in __call__
    schema = self._handler(source_type)
             ^^^^^^^^^^^^^^^^^^^^^^^^^^
/Library/Frameworks/Python.framework/Versions/3.12/lib/python3.12/site-packages/pydantic/_internal/_generate_schema.py:2203: in inner_handler
    schema = self._generate_schema_from_get_schema_method(obj, source_type)
             ^^^^^^^^^^^^^^^^^^^^^^^^^^^^^^^^^^^^^^^^^^^^^^^^^^^^^^^^^^^^^^
/Library/Frameworks/Python.framework/Versions/3.12/lib/python3.12/site-packages/pydantic/_internal/_generate_schema.py:919: in _generate_schema_from_get_schema_method
    schema = get_schema(
/Library/Frameworks/Python.framework/Versions/3.12/lib/python3.12/site-packages/pydantic/networks.py:1005: in __get_pydantic_core_schema__
    import_email_validator()
/Library/Frameworks/Python.framework/Versions/3.12/lib/python3.12/site-packages/pydantic/networks.py:967: in import_email_validator
    raise ImportError("email-validator is not installed, run `pip install 'pydantic[email]'`") from e
E   ImportError: email-validator is not installed, run `pip install 'pydantic[email]'`
=========================== short test summary info ============================
ERROR ../../../../../../../var/folders/k3/3370vvys431633snklmjmvsr0000gn/T/tmpt5sw3lcw/test_service.py
!!!!!!!!!!!!!!!!!!!! Interrupted: 1 error during collection !!!!!!!!!!!!!!!!!!!!
=============================== 1 error in 0.25s ===============================
